// Jest Snapshot v1, https://goo.gl/fbAQLP

exports[`Message Center renders correctly 1`] = `
.c0 {
  -webkit-flex: 1;
  -ms-flex: 1;
  flex: 1;
  display: -webkit-box;
  display: -webkit-flex;
  display: -ms-flexbox;
  display: flex;
  -webkit-flex-direction: column;
  -ms-flex-direction: column;
  flex-direction: column;
  -webkit-align-items: center;
  -webkit-box-align: center;
  -ms-flex-align: center;
  align-items: center;
  -webkit-box-pack: center;
  -webkit-justify-content: center;
  -ms-flex-pack: center;
  justify-content: center;
  text-align: center;
}

<div
  className="c0"
/>
`;

exports[`Message Illustration renders correctly 1`] = `
.c0 {
  object-fit: contain;
  width: 400px;
  max-width: 100%;
  height: 200px;
}

<img
  alt=""
  className="c0"
  src="image-mock-url"
/>
`;

exports[`Message Subtitle renders correctly 1`] = `
.c0 {
  font-weight: 400;
  font-size: 16px;
  line-height: 1.5em;
  -webkit-letter-spacing: 0.01em;
  -moz-letter-spacing: 0.01em;
  -ms-letter-spacing: 0.01em;
  letter-spacing: 0.01em;
  color: theme.greyLight;
  margin-top: 8px;
}

<span
  className="c0"
>
  subtitle text
</span>
`;

exports[`Message Title renders correctly 1`] = `
.c0 {
  font-weight: 500;
  font-size: 24px;
  line-height: 1.25em;
  -webkit-letter-spacing: 0.008333333333333333em;
  -moz-letter-spacing: 0.008333333333333333em;
  -ms-letter-spacing: 0.008333333333333333em;
  letter-spacing: 0.008333333333333333em;
  margin-top: 16px;
}

<span
  className="c0"
>
  title text
</span>
`;

exports[`Message renders correctly 1`] = `
<Center>
  <Illustration />
  <Title>
    message title
  </Title>
  <Subtitle>
    message subtitle
  </Subtitle>
</Center>
`;
