// Jest Snapshot v1, https://goo.gl/fbAQLP

exports[`Search Wrapper renders correctly 1`] = `
.c0 {
  -webkit-flex: 1;
  -ms-flex: 1;
  flex: 1;
  display: -webkit-box;
  display: -webkit-flex;
  display: -ms-flexbox;
  display: flex;
  -webkit-flex-direction: column;
  -ms-flex-direction: column;
  flex-direction: column;
}

<div
  className="c0"
/>
`;

exports[`Search renders correctly 1`] = `
<Wrapper>
  <Connect(SearchBar) />
  <Connect(SearchContent) />
</Wrapper>
`;
